
> backend@1.0.0 test
> jest

node.exe : PASS src/__tests__/utils/formatters.test.ts
At line:1 char:1
+ & "C:\Program Files\nodejs/node.exe" "C:\Program Files\nodejs/node_mo ...
+ ~~~~~~~~~~~~~~~~~~~~~~~~~~~~~~~~~~~~~~~~~~~~~~~~~~~~~~~~~~~~~~~~~~~~~
    + CategoryInfo          : NotSpecified: (PASS src/__test...matters.test.ts 
   :String) [], RemoteException
    + FullyQualifiedErrorId : NativeCommandError
 
FAIL src/__tests__/services/dayEndReportService.test.ts
  ΓùÅ DayEndReportService ΓÇ║ createDayEndReport ΓÇ║ should create a day-end 
report with sales data

    PrismaClientKnownRequestError: 
    Invalid `tx.dayEndReportLine.create()` invocation in
    D:\users\Nishanth\Documents\liquor-mart-stock-manager\backend\src\services\
dayEndReportService.ts:146:33

      143 });
      144 
      145 for (const line of prepared.lines) {
    ΓåÆ 146   await tx.dayEndReportLine.create(
    Foreign key constraint failed on the field: `DayEndReportLine_itemId_fkey 
(index)`

    [0m [90m 144 |[39m
     [90m 145 |[39m     [36mfor[39m ([36mconst[39m line [36mof[39m 
prepared[33m.[39mlines) {
    [31m[1m>[22m[39m[90m 146 |[39m       [36mawait[39m 
tx[33m.[39mdayEndReportLine[33m.[39mcreate({
     [90m     |[39m       [31m[1m^[22m[39m
     [90m 147 |[39m         data[33m:[39m {
     [90m 148 |[39m           reportId[33m:[39m 
report[33m.[39mid[33m,[39m
     [90m 149 |[39m           itemId[33m:[39m 
line[33m.[39mitemId[33m,[39m[0m

      at _n.handleRequestError 
(node_modules/@prisma/client/runtime/library.js:121:7749)
      at _n.handleAndLogRequestError 
(node_modules/@prisma/client/runtime/library.js:121:7057)
      at _n.request (node_modules/@prisma/client/runtime/library.js:121:6741)
      at l (node_modules/@prisma/client/runtime/library.js:130:9355)
      at src/services/dayEndReportService.ts:146:7
      at Proxy._transactionWithCallback 
(node_modules/@prisma/client/runtime/library.js:130:7722)
      at Object.<anonymous> 
(src/__tests__/services/dayEndReportService.test.ts:50:22)

  ΓùÅ DayEndReportService ΓÇ║ createDayEndReport ΓÇ║ should create a day-end 
report with sales data

    PrismaClientKnownRequestError: 
    Invalid `prisma.item.deleteMany()` invocation in
    D:\users\Nishanth\Documents\liquor-mart-stock-manager\backend\src\__tests__
\helpers\testHelpers.ts:12:21

       9 await prisma.purchaseLineItem.deleteMany();
      10 await prisma.purchase.deleteMany();
      11 // Items can be deleted after purchaseLineItems (which reference 
them) are deleted
    ΓåÆ 12 await prisma.item.deleteMany(
    Foreign key constraint failed on the field: `PurchaseLineItem_itemId_fkey 
(index)`

    [0m [90m 10 |[39m   [36mawait[39m 
prisma[33m.[39mpurchase[33m.[39mdeleteMany()[33m;[39m
     [90m 11 |[39m   [90m// Items can be deleted after purchaseLineItems 
(which reference them) are deleted[39m
    [31m[1m>[22m[39m[90m 12 |[39m   [36mawait[39m 
prisma[33m.[39mitem[33m.[39mdeleteMany()[33m;[39m
     [90m    |[39m   [31m[1m^[22m[39m
     [90m 13 |[39m   [36mawait[39m 
prisma[33m.[39madminUser[33m.[39mdeleteMany()[33m;[39m
     [90m 14 |[39m }
     [90m 15 |[39m[0m

      at _n.handleRequestError 
(node_modules/@prisma/client/runtime/library.js:121:7749)
      at _n.handleAndLogRequestError 
(node_modules/@prisma/client/runtime/library.js:121:7057)
      at _n.request (node_modules/@prisma/client/runtime/library.js:121:6741)
      at l (node_modules/@prisma/client/runtime/library.js:130:9355)
      at cleanDatabase (src/__tests__/helpers/testHelpers.ts:12:3)
      at Object.<anonymous> 
(src/__tests__/services/dayEndReportService.test.ts:14:5)

  ΓùÅ DayEndReportService ΓÇ║ createDayEndReport ΓÇ║ should calculate net 
profit correctly with tax and misc

    PrismaClientKnownRequestError: 
    Invalid `tx.purchaseLineItem.create()` invocation in
    D:\users\Nishanth\Documents\liquor-mart-stock-manager\backend\src\services\
purchaseService.ts:71:33

      68   (await shouldUpdateItemPricing(tx, itemId, purchaseDateValue));
      69 priceUpdateCache.set(itemId, shouldUpdatePricing);
      70 
    ΓåÆ 71 await tx.purchaseLineItem.create(
    Foreign key constraint failed on the field: `PurchaseLineItem_itemId_fkey 
(index)`

    [0m [90m 69 |[39m       
priceUpdateCache[33m.[39m[36mset[39m(itemId[33m,[39m 
shouldUpdatePricing)[33m;[39m
     [90m 70 |[39m
    [31m[1m>[22m[39m[90m 71 |[39m       [36mawait[39m 
tx[33m.[39mpurchaseLineItem[33m.[39mcreate({
     [90m    |[39m       [31m[1m^[22m[39m
     [90m 72 |[39m         data[33m:[39m {
     [90m 73 |[39m           purchaseId[33m:[39m 
purchase[33m.[39mid[33m,[39m
     [90m 74 |[39m           itemId[33m,[39m[0m

      at _n.handleRequestError 
(node_modules/@prisma/client/runtime/library.js:121:7749)
      at _n.handleAndLogRequestError 
(node_modules/@prisma/client/runtime/library.js:121:7057)
      at _n.request (node_modules/@prisma/client/runtime/library.js:121:6741)
      at l (node_modules/@prisma/client/runtime/library.js:130:9355)
      at src/services/purchaseService.ts:71:7
      at Proxy._transactionWithCallback 
(node_modules/@prisma/client/runtime/library.js:130:7722)
      at Object.<anonymous> 
(src/__tests__/services/dayEndReportService.test.ts:73:7)

  ΓùÅ DayEndReportService ΓÇ║ createDayEndReport ΓÇ║ should calculate net 
profit correctly with tax and misc

    PrismaClientKnownRequestError: 
    Invalid `prisma.item.deleteMany()` invocation in
    D:\users\Nishanth\Documents\liquor-mart-stock-manager\backend\src\__tests__
\helpers\testHelpers.ts:12:21

       9 await prisma.purchaseLineItem.deleteMany();
      10 await prisma.purchase.deleteMany();
      11 // Items can be deleted after purchaseLineItems (which reference 
them) are deleted
    ΓåÆ 12 await prisma.item.deleteMany(
    Foreign key constraint failed on the field: `PurchaseLineItem_itemId_fkey 
(index)`

    [0m [90m 10 |[39m   [36mawait[39m 
prisma[33m.[39mpurchase[33m.[39mdeleteMany()[33m;[39m
     [90m 11 |[39m   [90m// Items can be deleted after purchaseLineItems 
(which reference them) are deleted[39m
    [31m[1m>[22m[39m[90m 12 |[39m   [36mawait[39m 
prisma[33m.[39mitem[33m.[39mdeleteMany()[33m;[39m
     [90m    |[39m   [31m[1m^[22m[39m
     [90m 13 |[39m   [36mawait[39m 
prisma[33m.[39madminUser[33m.[39mdeleteMany()[33m;[39m
     [90m 14 |[39m }
     [90m 15 |[39m[0m

      at _n.handleRequestError 
(node_modules/@prisma/client/runtime/library.js:121:7749)
      at _n.handleAndLogRequestError 
(node_modules/@prisma/client/runtime/library.js:121:7057)
      at _n.request (node_modules/@prisma/client/runtime/library.js:121:6741)
      at l (node_modules/@prisma/client/runtime/library.js:130:9355)
      at cleanDatabase (src/__tests__/helpers/testHelpers.ts:12:3)
      at Object.<anonymous> 
(src/__tests__/services/dayEndReportService.test.ts:14:5)

  ΓùÅ DayEndReportService ΓÇ║ previewDayEndReport ΓÇ║ should preview report 
without saving

    PrismaClientKnownRequestError: 
    Invalid `tx.purchaseLineItem.create()` invocation in
    D:\users\Nishanth\Documents\liquor-mart-stock-manager\backend\src\services\
purchaseService.ts:71:33

      68   (await shouldUpdateItemPricing(tx, itemId, purchaseDateValue));
      69 priceUpdateCache.set(itemId, shouldUpdatePricing);
      70 
    ΓåÆ 71 await tx.purchaseLineItem.create(
    Foreign key constraint failed on the field: `PurchaseLineItem_itemId_fkey 
(index)`

    [0m [90m 69 |[39m       
priceUpdateCache[33m.[39m[36mset[39m(itemId[33m,[39m 
shouldUpdatePricing)[33m;[39m
     [90m 70 |[39m
    [31m[1m>[22m[39m[90m 71 |[39m       [36mawait[39m 
tx[33m.[39mpurchaseLineItem[33m.[39mcreate({
     [90m    |[39m       [31m[1m^[22m[39m
     [90m 72 |[39m         data[33m:[39m {
     [90m 73 |[39m           purchaseId[33m:[39m 
purchase[33m.[39mid[33m,[39m
     [90m 74 |[39m           itemId[33m,[39m[0m

      at _n.handleRequestError 
(node_modules/@prisma/client/runtime/library.js:121:7749)
      at _n.handleAndLogRequestError 
(node_modules/@prisma/client/runtime/library.js:121:7057)
      at _n.request (node_modules/@prisma/client/runtime/library.js:121:6741)
      at l (node_modules/@prisma/client/runtime/library.js:130:9355)
      at src/services/purchaseService.ts:71:7
      at Proxy._transactionWithCallback 
(node_modules/@prisma/client/runtime/library.js:130:7722)
      at Object.<anonymous> 
(src/__tests__/services/dayEndReportService.test.ts:111:7)

FAIL src/__tests__/services/purchaseService.test.ts
  ΓùÅ PurchaseService ΓÇ║ createPurchase ΓÇ║ should preserve exact integer 
values without floating-point errors

    PrismaClientKnownRequestError: 
    Invalid `tx.purchaseLineItem.create()` invocation in
    D:\users\Nishanth\Documents\liquor-mart-stock-manager\backend\src\services\
purchaseService.ts:71:33

      68   (await shouldUpdateItemPricing(tx, itemId, purchaseDateValue));
      69 priceUpdateCache.set(itemId, shouldUpdatePricing);
      70 
    ΓåÆ 71 await tx.purchaseLineItem.create(
    Foreign key constraint failed on the field: `PurchaseLineItem_itemId_fkey 
(index)`

    [0m [90m 69 |[39m       
priceUpdateCache[33m.[39m[36mset[39m(itemId[33m,[39m 
shouldUpdatePricing)[33m;[39m
     [90m 70 |[39m
    [31m[1m>[22m[39m[90m 71 |[39m       [36mawait[39m 
tx[33m.[39mpurchaseLineItem[33m.[39mcreate({
     [90m    |[39m       [31m[1m^[22m[39m
     [90m 72 |[39m         data[33m:[39m {
     [90m 73 |[39m           purchaseId[33m:[39m 
purchase[33m.[39mid[33m,[39m
     [90m 74 |[39m           itemId[33m,[39m[0m

      at _n.handleRequestError 
(node_modules/@prisma/client/runtime/library.js:121:7749)
      at _n.handleAndLogRequestError 
(node_modules/@prisma/client/runtime/library.js:121:7057)
      at _n.request (node_modules/@prisma/client/runtime/library.js:121:6741)
      at l (node_modules/@prisma/client/runtime/library.js:130:9355)
      at src/services/purchaseService.ts:71:7
      at Proxy._transactionWithCallback 
(node_modules/@prisma/client/runtime/library.js:130:7722)
      at Object.<anonymous> 
(src/__tests__/services/purchaseService.test.ts:137:22)

PASS src/__tests__/utils/password.test.ts
FAIL src/__tests__/routes/authRoutes.test.ts
  ΓùÅ Console

    console.log
      [dotenv@17.2.3] injecting env (0) from .env -- tip: ≡ƒöÉ prevent 
committing .env to code: https://dotenvx.com/precommit

      at _log (node_modules/dotenv/lib/main.js:142:11)

  ΓùÅ Auth Routes ΓÇ║ POST /auth/login ΓÇ║ should login with valid credentials

    expect(received).toBe(expected) // Object.is equality

    Expected: 200
    Received: 401

    [0m [90m 44 |[39m         })[33m;[39m
     [90m 45 |[39m
    [31m[1m>[22m[39m[90m 46 |[39m       
expect(response[33m.[39mstatus)[33m.[39mtoBe([35m200[39m)[33m;[39m
     [90m    |[39m                               [31m[1m^[22m[39m
     [90m 47 |[39m       expect(response[33m.[39mbody[33m.[39mtoken)[33m
.[39mtoBeDefined()[33m;[39m
     [90m 48 |[39m       expect(response[33m.[39mbody[33m.[39muser)[33m.
[39mtoBeDefined()[33m;[39m
     [90m 49 |[39m       expect(response[33m.[39mbody[33m.[39muser[33m.
[39memail)[33m.[39mtoBe(userData[33m.[39memail)[33m;[39m[0m

      at Object.<anonymous> (src/__tests__/routes/authRoutes.test.ts:46:31)

FAIL src/__tests__/routes/itemRoutes.test.ts
  ΓùÅ Item Routes ΓÇ║ POST /items ΓÇ║ should create an item

    expect(received).toBe(expected) // Object.is equality

    Expected: 201
    Received: 403

    [0m [90m 53 |[39m         [33m.[39msend(itemData)[33m;[39m
     [90m 54 |[39m
    [31m[1m>[22m[39m[90m 55 |[39m       
expect(response[33m.[39mstatus)[33m.[39mtoBe([35m201[39m)[33m;[39m
     [90m    |[39m                               [31m[1m^[22m[39m
     [90m 56 |[39m       
expect(response[33m.[39mbody[33m.[39mid)[33m.[39mtoBeDefined()[33m;[39m
     [90m 57 |[39m       expect(response[33m.[39mbody[33m.[39mname)[33m.
[39mtoBe(itemData[33m.[39mname)[33m;[39m
     [90m 58 |[39m       expect(response[33m.[39mbody[33m.[39msku)[33m.
[39mtoBeDefined()[33m;[39m[0m

      at Object.<anonymous> (src/__tests__/routes/itemRoutes.test.ts:55:31)

  ΓùÅ Item Routes ΓÇ║ POST /items ΓÇ║ should preserve exact MRP values

    expect(received).toBe(expected) // Object.is equality

    Expected: 201
    Received: 403

    [0m [90m 67 |[39m         [33m.[39msend(itemData)[33m;[39m
     [90m 68 |[39m
    [31m[1m>[22m[39m[90m 69 |[39m       
expect(response[33m.[39mstatus)[33m.[39mtoBe([35m201[39m)[33m;[39m
     [90m    |[39m                               [31m[1m^[22m[39m
     [90m 70 |[39m       expect([33mNumber[39m(response[33m.[39mbody[33m
.[39mmrpPrice))[33m.[39mtoBe([35m8987.0000[39m)[33m;[39m
     [90m 71 |[39m     })[33m;[39m
     [90m 72 |[39m   })[33m;[39m[0m

      at Object.<anonymous> (src/__tests__/routes/itemRoutes.test.ts:69:31)

  ΓùÅ Item Routes ΓÇ║ GET /items ΓÇ║ should return items list

    expect(received).toBeGreaterThan(expected)

    Expected: > 0
    Received:   0

    [0m [90m 84 |[39m       
expect(response[33m.[39mstatus)[33m.[39mtoBe([35m200[39m)[33m;[39m
     [90m 85 |[39m       expect([33mArray[39m[33m.[39misArray(response[3
3m.[39mbody[33m.[39mitems))[33m.[39mtoBe([36mtrue[39m)[33m;[39m
    [31m[1m>[22m[39m[90m 86 |[39m       expect(response[33m.[39mbody[3
3m.[39mitems[33m.[39mlength)[33m.[39mtoBeGreaterThan([35m0[39m)[33m;[3
9m
     [90m    |[39m                                          
[31m[1m^[22m[39m
     [90m 87 |[39m     })[33m;[39m
     [90m 88 |[39m   })[33m;[39m
     [90m 89 |[39m[0m

      at Object.<anonymous> (src/__tests__/routes/itemRoutes.test.ts:86:42)

  ΓùÅ Item Routes ΓÇ║ PUT /items/:id ΓÇ║ should update an item

    expect(received).toBe(expected) // Object.is equality

    Expected: 200
    Received: 403

    [0m [90m 102 |[39m         })[33m;[39m
     [90m 103 |[39m
    [31m[1m>[22m[39m[90m 104 |[39m       
expect(response[33m.[39mstatus)[33m.[39mtoBe([35m200[39m)[33m;[39m
     [90m     |[39m                               [31m[1m^[22m[39m
     [90m 105 |[39m       
expect(response[33m.[39mbody[33m.[39mname)[33m.[39mtoBe([32m'Updated 
Item Name'[39m)[33m;[39m
     [90m 106 |[39m       expect([33mNumber[39m(response[33m.[39mbody[33
m.[39mmrpPrice))[33m.[39mtoBe([35m150.0000[39m)[33m;[39m
     [90m 107 |[39m     })[33m;[39m[0m

      at Object.<anonymous> (src/__tests__/routes/itemRoutes.test.ts:104:31)

FAIL src/__tests__/routes/purchaseRoutes.test.ts
  ΓùÅ Purchase Routes ΓÇ║ POST /purchases ΓÇ║ should create a purchase with 
valid data

    expect(received).toBe(expected) // Object.is equality

    Expected: 201
    Received: 500

    [0m [90m  96 |[39m         })[33m;[39m
     [90m  97 |[39m
    [31m[1m>[22m[39m[90m  98 |[39m       
expect(response[33m.[39mstatus)[33m.[39mtoBe([35m201[39m)[33m;[39m
     [90m     |[39m                               [31m[1m^[22m[39m
     [90m  99 |[39m       [90m// The route returns the service result which 
has { purchase, totals }[39m
     [90m 100 |[39m       expect(response[33m.[39mbody[33m.[39mpurchase)
[33m.[39mtoBeDefined()[33m;[39m
     [90m 101 |[39m       expect(response[33m.[39mbody[33m.[39mpurchase[
33m.[39mid)[33m.[39mtoBeDefined()[33m;[39m[0m

      at Object.<anonymous> (src/__tests__/routes/purchaseRoutes.test.ts:98:31)

Test Suites: 5 failed, 2 passed, 7 total
Tests:       10 failed, 15 passed, 25 total
Snapshots:   0 total
Time:        3.866 s
Ran all test suites.
